// Jest Snapshot v1, https://goo.gl/fbAQLP

exports[`Link demo -- base 1`] = `
.emotion-0 {
  -webkit-text-decoration: underline;
  text-decoration: underline;
}

.emotion-0,
.emotion-0:visited {
  color: #3860f4;
}

.emotion-0:hover,
.emotion-0:active {
  color: #3357df;
}

.emotion-0 {
  -webkit-text-decoration: underline;
  text-decoration: underline;
}

.emotion-0,
.emotion-0:visited {
  color: #3860f4;
}

.emotion-0:hover,
.emotion-0:active {
  color: #3357df;
}

<a
  class="uc-fe-link emotion-0 emotion-1"
  href="https://google.com"
  target="_blank"
>
  Link to Google
</a>
`;
